// Jest Snapshot v1, https://goo.gl/fbAQLP

exports[`ChakraShowInferencer should match the snapshot 1`] = `
<DocumentFragment>
  <div>
    <div
      style="padding: 16px;"
    >
      <div
        style="display: flex; align-items: center; justify-content: space-between;"
      >
        <h1>
          Post
        </h1>
        <div
          style="display: flex; gap: 8px;"
        >
          <button>
            Posts List
          </button>
        </div>
      </div>
      <div>
        <div
          style="margin-top: 6px;"
        >
          <h5>
            Id
          </h5>
          <div>
            11
          </div>
        </div>
        <div
          style="margin-top: 6px;"
        >
          <h5>
            Title
          </h5>
          <div>
            Nobis exercitationem officia quia est.
          </div>
        </div>
        <div
          style="margin-top: 6px;"
        >
          <h5>
            Slug
          </h5>
          <div>
            provident-culpa-facere
          </div>
        </div>
        <div
          style="margin-top: 6px;"
        >
          <h5>
            Content
          </h5>
          <p>
            Non velit blanditiis optio quo quaerat nam aperiam. Odit tempore consequatur voluptatibus molestias. Est nemo aut. Fugit aliquam enim eveniet veritatis. Magni et aut. Consequatur aliquid rerum vero. Quaerat debitis enim magnam. Dolorem est delectus architecto et accusantium. Velit quia vero. Aut necessitatibus quia at consequatur soluta accusantium.
          </p>
        </div>
        <div
          style="margin-top: 6px;"
        >
          <h5>
            Hit
          </h5>
          <div>
            920557
          </div>
        </div>
        <div
          style="margin-top: 6px;"
        >
          <h5>
            Category
          </h5>
          <div>
            Numquam Saepe Illo
          </div>
        </div>
        <div
          style="margin-top: 6px;"
        >
          <h5>
            User
          </h5>
          <div>
            Eriberto Leannon
          </div>
        </div>
        <div
          style="margin-top: 6px;"
        >
          <h5>
            Status
          </h5>
          <div>
            draft
          </div>
        </div>
        <div
          style="margin-top: 6px;"
        >
          <h5>
            Status Color
          </h5>
          <div>
            orange
          </div>
        </div>
        <div
          style="margin-top: 6px;"
        >
          <h5>
            Created At
          </h5>
          <div>
            4/2/2022, 4:25:44 AM
          </div>
        </div>
        <div
          style="margin-top: 6px;"
        >
          <h5>
            Published At
          </h5>
          <div>
            8/10/2021, 8:07:39 AM
          </div>
        </div>
        <div
          style="margin-top: 6px;"
        >
          <h5>
            Image
          </h5>
          <ul>
            <li>
              <img
                src="http://loremflickr.com/640/480/abstract"
                style="max-width: 200px;"
              />
            </li>
          </ul>
        </div>
        <div
          style="margin-top: 6px;"
        >
          <h5>
            Tags
          </h5>
          <ul>
            <li>
              Error Eos Et
            </li>
            <li>
              Nobis Et Ut
            </li>
          </ul>
        </div>
        <div
          style="margin-top: 6px;"
        >
          <h5>
            Language
          </h5>
          <div>
            2
          </div>
        </div>
      </div>
    </div>
  </div>
  <div
    style="position: fixed; bottom: 12px; right: 64px;"
  >
    <div
      style="display: flex; flex-direction: row; align-items: center; justify-content: center; width: 100%; height: 100%; gap: 12px;"
    >
      <button
        style="background-color: rgb(255, 255, 255); border: 1px solid #e2e8f0; border-radius: 4px; padding: 8px 16px; cursor: pointer; display: flex; font-family: sans-serif; align-items: center;"
      >
        <svg
          class="icon icon-tabler icon-tabler-code"
          fill="none"
          height="18"
          stroke="currentColor"
          stroke-linecap="round"
          stroke-linejoin="round"
          stroke-width="2"
          viewBox="0 0 24 24"
          width="18"
          xmlns="http://www.w3.org/2000/svg"
        >
          <path
            d="M0 0h24v24H0z"
            fill="none"
            stroke="none"
          />
          <polyline
            points="7 8 3 12 7 16"
          />
          <polyline
            points="17 8 21 12 17 16"
          />
          <line
            x1="14"
            x2="10"
            y1="4"
            y2="20"
          />
        </svg>
        <span
          style="margin-left: 8px; font-size: 14px; color: rgb(102, 107, 122);"
        >
          Show Code
        </span>
      </button>
      <a
        href="https://github.com/refinedev/refine/discussions/3046"
        rel="noreferrer"
        style="background-color: rgb(255, 255, 255); border: 1px solid #e2e8f0; border-radius: 4px; padding: 8px 16px; cursor: pointer; display: flex; align-items: center; text-decoration: none; color: rgb(102, 107, 122); font-family: sans-serif;"
        target="_blank"
      >
        <svg
          class="icon icon-tabler icon-tabler-message-circle"
          fill="none"
          height="18"
          stroke="currentColor"
          stroke-linecap="round"
          stroke-linejoin="round"
          stroke-width="2"
          viewBox="0 0 24 24"
          width="18"
          xmlns="http://www.w3.org/2000/svg"
        >
          <path
            d="M0 0h24v24H0z"
            fill="none"
            stroke="none"
          />
          <path
            d="M3 20l1.3 -3.9a9 8 0 1 1 3.4 2.9l-4.7 1"
          />
          <line
            x1="12"
            x2="12"
            y1="12"
            y2="12.01"
          />
          <line
            x1="8"
            x2="8"
            y1="12"
            y2="12.01"
          />
          <line
            x1="16"
            x2="16"
            y1="12"
            y2="12.01"
          />
        </svg>
        <span
          style="margin-left: 8px; font-size: 14px; color: rgb(102, 107, 122);"
        >
          Give Feedback
        </span>
      </a>
    </div>
  </div>
  <div
    style="height: 50px;"
  />
</DocumentFragment>
`;
